******************************************************************************
             TMS320C2000 Linker PC v22.6.0                     
******************************************************************************
>> Linked Sat Sep 23 20:45:24 2023

OUTPUT FILE NAME:   <fullbridge-dc-dc-electrolyzer.out>
ENTRY POINT SYMBOL: "_c_int00"  address: 00082dc3


MEMORY CONFIGURATION

         name            origin    length      used     unused   attr    fill
----------------------  --------  ---------  --------  --------  ----  --------
PAGE 0:
  RAMM0                 00000122   000002de  00000000  000002de  RWIX
  RAMLS0                00008000   00000800  00000004  000007fc  RWIX
  RAMLS1                00008800   00000800  00000000  00000800  RWIX
  RAMLS2                00009000   00000800  00000000  00000800  RWIX
  RAMLS3                00009800   00000800  00000000  00000800  RWIX
  RAMLS4                0000a000   00000800  00000000  00000800  RWIX
  RAMD0                 0000b000   00000800  00000000  00000800  RWIX
  RAMGS14               0001a000   00001000  00000000  00001000  RWIX
  RAMGS15               0001b000   00001000  00000000  00001000  RWIX
  BEGIN                 00080000   00000002  00000002  00000000  RWIX
  FLASHA                00080002   00001ffe  00000000  00001ffe  RWIX
  FLASHB                00082000   00002000  00000f09  000010f7  RWIX
  FLASHC                00084000   00002000  00000000  00002000  RWIX
  FLASHD                00086000   00002000  00000004  00001ffc  RWIX
  FLASHE                00088000   00008000  00000000  00008000  RWIX
  FLASHF                00090000   00008000  000001c0  00007e40  RWIX
  FLASHG                00098000   00008000  00000000  00008000  RWIX
  FLASHH                000a0000   00008000  00000000  00008000  RWIX
  FLASHI                000a8000   00008000  00000000  00008000  RWIX
  FLASHJ                000b0000   00008000  00000000  00008000  RWIX
  FLASHK                000b8000   00002000  00000000  00002000  RWIX
  FLASHL                000ba000   00002000  00000000  00002000  RWIX
  FLASHM                000bc000   00002000  00000000  00002000  RWIX
  FLASHN                000be000   00001ff0  00000000  00001ff0  RWIX
  FLASHN_DO_NOT_USE     000bfff0   00000010  00000000  00000010  RWIX
  RESET                 003fffc0   00000002  00000000  00000002  RWIX

PAGE 1:
  BOOT_RSVD             00000002   00000120  00000120  00000000  RWIX
  RAMM1                 00000400   00000400  00000400  00000000  RWIX
  RAMLS5                0000a800   00000800  00000800  00000000  RWIX
  RAMD1                 0000b800   00000800  000007fe  00000002  RWIX
  RAMGS0                0000c000   00001000  00000fba  00000046  RWIX
  RAMGS1                0000d000   00001000  00000000  00001000  RWIX
  RAMGS2                0000e000   00001000  00000000  00001000  RWIX
  RAMGS3                0000f000   00001000  00000000  00001000  RWIX
  RAMGS4                00010000   00001000  00000000  00001000  RWIX
  RAMGS5                00011000   00001000  00000000  00001000  RWIX
  RAMGS6                00012000   00001000  00000000  00001000  RWIX
  RAMGS7                00013000   00001000  00000000  00001000  RWIX
  RAMGS8                00014000   00001000  00000000  00001000  RWIX
  RAMGS9                00015000   00001000  00000000  00001000  RWIX
  RAMGS10               00016000   00001000  00000000  00001000  RWIX
  RAMGS11               00017000   00001000  00000000  00001000  RWIX
  RAMGS12               00018000   00001000  00000000  00001000  RWIX
  RAMGS13               00019000   00001000  00000000  00001000  RWIX
  CPU2TOCPU1RAM         0003f800   00000400  00000000  00000400  RWIX
  CPU1TOCPU2RAM         0003fc00   00000400  00000088  00000378  RWIX


SECTION ALLOCATION MAP

 output                                  attributes/
section   page    origin      length       input sections
--------  ----  ----------  ----------   ----------------
.cinit     0    00082000    000000b3     
                  00082000    00000021     F2837xD_struct.obj (.cinit:_TRIP_SEL)
                  00082021    0000001d     F2837xD_struct.obj (.cinit:_EPWM)
                  0008203e    00000011     F2837xD_struct.obj (.cinit:_ECAP)
                  0008204f    0000000e     rts2800_fpu32.lib : exit.c.obj (.cinit)
                  0008205d    0000000d     F2837xD_struct.obj (.cinit:_ADC)
                  0008206a    0000000b     F2837xD_struct.obj (.cinit:_EQEP)
                  00082075    0000000b     F2837xD_struct.obj (.cinit:_SPI)
                  00082080    00000009     F2837xD_struct.obj (.cinit:_SDFM)
                  00082089    00000007     F2837xD_struct.obj (.cinit:_I2C)
                  00082090    00000007     F2837xD_struct.obj (.cinit:_MCBSP)
                  00082097    00000007     F2837xD_struct.obj (.cinit:_SCI)
                  0008209e    00000005     rts2800_fpu32.lib : _lock.c.obj (.cinit:__lock)
                  000820a3    00000005                       : _lock.c.obj (.cinit:__unlock)
                  000820a8    00000005     main.obj (.cinit)
                  000820ad    00000004     F2837xD_sci_io.obj (.cinit)
                  000820b1    00000002     --HOLE-- [fill = 0]

.pinit     0    00082000    00000000     UNINITIALIZED

codestart 
*          0    00080000    00000002     
                  00080000    00000002     F2837xD_CodeStartBranch.obj (codestart)

.TI.ramfunc 
*          0    00086000    00000004     RUN ADDR = 00008000
                  00086000    00000004     F2837xD_usDelay.obj (.TI.ramfunc)

.stack     1    00000400    00000200     UNINITIALIZED
                  00000400    00000200     --HOLE--

.reset     0    003fffc0    00000002     DSECT
                  003fffc0    00000002     rts2800_fpu32.lib : boot28.asm.obj (.reset)

FlashPumpSemaphoreRegsFile 
*          1    00000120    00000002     UNINITIALIZED
                  00000120    00000002     F2837xD_GlobalVariableDefs.obj (FlashPumpSemaphoreRegsFile)

EmuBModeVar 
*          1    0000a89d    00000001     UNINITIALIZED
                  0000a89d    00000001     F2837xD_GlobalVariableDefs.obj (EmuBModeVar)

PUTBUFFER 
*          1    0003fc00    00000080     UNINITIALIZED
                  0003fc00    00000080     F2837xD_Ipc_Driver.obj (PUTBUFFER)

PUTWRITEIDX 
*          1    0003fc80    00000004     UNINITIALIZED
                  0003fc80    00000004     F2837xD_Ipc_Driver.obj (PUTWRITEIDX)

GETREADIDX 
*          1    0003fc84    00000004     UNINITIALIZED
                  0003fc84    00000004     F2837xD_Ipc_Driver.obj (GETREADIDX)

GETBUFFER 
*          0    0003f800    00000080     DSECT
                  0003f800    00000080     F2837xD_Ipc_Driver.obj (GETBUFFER)

GETWRITEIDX 
*          0    0003f880    00000004     DSECT
                  0003f880    00000004     F2837xD_Ipc_Driver.obj (GETWRITEIDX)

PUTREADIDX 
*          0    0003f884    00000004     DSECT
                  0003f884    00000004     F2837xD_Ipc_Driver.obj (PUTREADIDX)

.TI.memcrc 
*          0    00000000    00000066     COPY SECTION
                  00000000    00000066     (.TI.memcrc:_ccs_flash_checksum)

.text      0    000820b4    00000e56     
                  000820b4    00000585     F2837xD_DefaultISR.obj (.text:retain)
                  00082639    0000033b     F2837xD_SysCtrl.obj (.text)
                  00082974    00000244     F2837xD_Gpio.obj (.text)
                  00082bb8    00000107     main.obj (.text)
                  00082cbf    00000088     rts2800_fpu32.lib : fs_div28.asm.obj (.text)
                  00082d47    0000007c     F2837xD_CpuTimers.obj (.text)
                  00082dc3    00000056     rts2800_fpu32.lib : boot28.asm.obj (.text)
                  00082e19    00000029                       : exit.c.obj (.text)
                  00082e42    00000028     F2837xD_PieCtrl.obj (.text)
                  00082e6a    00000026     F2837xD_PieVect.obj (.text)
                  00082e90    00000024     rts2800_fpu32.lib : cpy_tbl.c.obj (.text)
                  00082eb4    0000001d                       : memcpy.c.obj (.text)
                  00082ed1    00000018                       : ll_aox28.asm.obj (.text)
                  00082ee9    00000012                       : args_main.c.obj (.text)
                  00082efb    00000009                       : _lock.c.obj (.text)
                  00082f04    00000003     F2837xD_DBGIER.obj (.text)
                  00082f07    00000002     rts2800_fpu32.lib : pre_init.c.obj (.text)
                  00082f09    00000001                       : startup.c.obj (.text)

.econst    0    00090000    000001c0     
                  00090000    000001c0     F2837xD_PieVect.obj (.econst:_PieVectTableInit)

Cla1RegsFile 
*          1    00000002    0000003e     UNINITIALIZED
                  00000002    0000003e     F2837xD_GlobalVariableDefs.obj (Cla1RegsFile)

DmaRegsFile 
*          1    00000040    000000e0     UNINITIALIZED
                  00000040    000000e0     F2837xD_GlobalVariableDefs.obj (DmaRegsFile)

PieVectTableFile 
*          1    00000600    000001c0     UNINITIALIZED
                  00000600    000001c0     F2837xD_GlobalVariableDefs.obj (PieVectTableFile)

AccessProtectionRegsFile 
*          1    000007c0    00000040     UNINITIALIZED
                  000007c0    00000040     F2837xD_GlobalVariableDefs.obj (AccessProtectionRegsFile)

.ebss      1    0000a800    0000009d     UNINITIALIZED
                  0000a800    0000001e     F2837xD_struct.obj (.ebss:_TRIP_SEL)
                  0000a81e    0000001a     F2837xD_struct.obj (.ebss:_EPWM)
                  0000a838    00000008     F2837xD_struct.obj (.ebss:_EQEP)
                  0000a840    00000018     F2837xD_CpuTimers.obj (.ebss)
                  0000a858    0000000e     F2837xD_struct.obj (.ebss:_ECAP)
                  0000a866    0000000a     F2837xD_struct.obj (.ebss:_ADC)
                  0000a870    00000008     F2837xD_struct.obj (.ebss:_SPI)
                  0000a878    00000006     F2837xD_TempSensorConv.obj (.ebss)
                  0000a87e    00000002     rts2800_fpu32.lib : _lock.c.obj (.ebss:__lock)
                  0000a880    00000006     F2837xD_struct.obj (.ebss:_SDFM)
                  0000a886    00000006     rts2800_fpu32.lib : exit.c.obj (.ebss)
                  0000a88c    00000004     F2837xD_struct.obj (.ebss:_I2C)
                  0000a890    00000004     F2837xD_struct.obj (.ebss:_MCBSP)
                  0000a894    00000004     F2837xD_struct.obj (.ebss:_SCI)
                  0000a898    00000002     rts2800_fpu32.lib : _lock.c.obj (.ebss:__unlock)
                  0000a89a    00000002     main.obj (.ebss)
                  0000a89c    00000001     F2837xD_sci_io.obj (.ebss)

EQep1RegsFile 
*          1    0000a89e    00000022     UNINITIALIZED
                  0000a89e    00000022     F2837xD_GlobalVariableDefs.obj (EQep1RegsFile)

Flash0CtrlRegsFile 
*          1    0000a8c0    00000182     UNINITIALIZED
                  0000a8c0    00000182     F2837xD_GlobalVariableDefs.obj (Flash0CtrlRegsFile)

ClkCfgRegsFile 
*          1    0000aa42    00000032     UNINITIALIZED
                  0000aa42    00000032     F2837xD_GlobalVariableDefs.obj (ClkCfgRegsFile)

XintRegsFile 
*          1    0000aa74    0000000b     UNINITIALIZED
                  0000aa74    0000000b     F2837xD_GlobalVariableDefs.obj (XintRegsFile)

EmuKeyVar 
*          1    0000aa7f    00000001     UNINITIALIZED
                  0000aa7f    00000001     F2837xD_GlobalVariableDefs.obj (EmuKeyVar)

GpioCtrlRegsFile 
*          1    0000aa80    00000180     UNINITIALIZED
                  0000aa80    00000180     F2837xD_GlobalVariableDefs.obj (GpioCtrlRegsFile)

CanaRegsFile 
*          1    0000ac00    00000164     UNINITIALIZED
                  0000ac00    00000164     F2837xD_GlobalVariableDefs.obj (CanaRegsFile)

DmaClaSrcSelRegsFile 
*          1    0000ad64    0000001a     UNINITIALIZED
                  0000ad64    0000001a     F2837xD_GlobalVariableDefs.obj (DmaClaSrcSelRegsFile)

RomPrefetchRegsFile 
*          1    0000ad7e    00000002     UNINITIALIZED
                  0000ad7e    00000002     F2837xD_GlobalVariableDefs.obj (RomPrefetchRegsFile)

CanbRegsFile 
*          1    0000ad80    00000164     UNINITIALIZED
                  0000ad80    00000164     F2837xD_GlobalVariableDefs.obj (CanbRegsFile)

PieCtrlRegsFile 
*          1    0000aee4    0000001a     UNINITIALIZED
                  0000aee4    0000001a     F2837xD_GlobalVariableDefs.obj (PieCtrlRegsFile)

RomWaitStateRegsFile 
*          1    0000aefe    00000002     UNINITIALIZED
                  0000aefe    00000002     F2837xD_GlobalVariableDefs.obj (RomWaitStateRegsFile)

EPwm10RegsFile 
*          1    0000af00    00000100     UNINITIALIZED
                  0000af00    00000100     F2837xD_GlobalVariableDefs.obj (EPwm10RegsFile)

DevCfgRegsFile 
*          1    0000b800    0000012e     UNINITIALIZED
                  0000b800    0000012e     F2837xD_GlobalVariableDefs.obj (DevCfgRegsFile)

SciaRegsFile 
*          1    0000b92e    00000010     UNINITIALIZED
                  0000b92e    00000010     F2837xD_GlobalVariableDefs.obj (SciaRegsFile)

EPwm11RegsFile 
*          1    0000b940    00000100     UNINITIALIZED
                  0000b940    00000100     F2837xD_GlobalVariableDefs.obj (EPwm11RegsFile)

EPwm12RegsFile 
*          1    0000ba40    00000100     UNINITIALIZED
                  0000ba40    00000100     F2837xD_GlobalVariableDefs.obj (EPwm12RegsFile)

EPwm1RegsFile 
*          1    0000bb40    00000100     UNINITIALIZED
                  0000bb40    00000100     F2837xD_GlobalVariableDefs.obj (EPwm1RegsFile)

EPwm2RegsFile 
*          1    0000bc40    00000100     UNINITIALIZED
                  0000bc40    00000100     F2837xD_GlobalVariableDefs.obj (EPwm2RegsFile)

EPwm3RegsFile 
*          1    0000bd40    00000100     UNINITIALIZED
                  0000bd40    00000100     F2837xD_GlobalVariableDefs.obj (EPwm3RegsFile)

EPwm4RegsFile 
*          1    0000be40    00000100     UNINITIALIZED
                  0000be40    00000100     F2837xD_GlobalVariableDefs.obj (EPwm4RegsFile)

CpuSysRegsFile 
*          1    0000bf40    00000082     UNINITIALIZED
                  0000bf40    00000082     F2837xD_GlobalVariableDefs.obj (CpuSysRegsFile)

GpioDataRegsFile 
*          1    0000bfc2    00000030     UNINITIALIZED
                  0000bfc2    00000030     F2837xD_GlobalVariableDefs.obj (GpioDataRegsFile)

CpuTimer0RegsFile 
*          1    0000bff2    00000008     UNINITIALIZED
                  0000bff2    00000008     F2837xD_GlobalVariableDefs.obj (CpuTimer0RegsFile)

SyncSocRegsFile 
*          1    0000bffa    00000006     UNINITIALIZED
                  0000bffa    00000006     F2837xD_GlobalVariableDefs.obj (SyncSocRegsFile)

EPwm5RegsFile 
*          1    0000c000    00000100     UNINITIALIZED
                  0000c000    00000100     F2837xD_GlobalVariableDefs.obj (EPwm5RegsFile)

EPwm6RegsFile 
*          1    0000c100    00000100     UNINITIALIZED
                  0000c100    00000100     F2837xD_GlobalVariableDefs.obj (EPwm6RegsFile)

EPwm7RegsFile 
*          1    0000c200    00000100     UNINITIALIZED
                  0000c200    00000100     F2837xD_GlobalVariableDefs.obj (EPwm7RegsFile)

EPwm8RegsFile 
*          1    0000c300    00000100     UNINITIALIZED
                  0000c300    00000100     F2837xD_GlobalVariableDefs.obj (EPwm8RegsFile)

EPwm9RegsFile 
*          1    0000c400    00000100     UNINITIALIZED
                  0000c400    00000100     F2837xD_GlobalVariableDefs.obj (EPwm9RegsFile)

AdcaRegsFile 
*          1    0000c500    00000080     UNINITIALIZED
                  0000c500    00000080     F2837xD_GlobalVariableDefs.obj (AdcaRegsFile)

AdcbRegsFile 
*          1    0000c580    00000080     UNINITIALIZED
                  0000c580    00000080     F2837xD_GlobalVariableDefs.obj (AdcbRegsFile)

AdccRegsFile 
*          1    0000c600    00000080     UNINITIALIZED
                  0000c600    00000080     F2837xD_GlobalVariableDefs.obj (AdccRegsFile)

AdcdRegsFile 
*          1    0000c680    00000080     UNINITIALIZED
                  0000c680    00000080     F2837xD_GlobalVariableDefs.obj (AdcdRegsFile)

MemCfgRegsFile 
*          1    0000c700    00000080     UNINITIALIZED
                  0000c700    00000080     F2837xD_GlobalVariableDefs.obj (MemCfgRegsFile)

Sdfm1RegsFile 
*          1    0000c780    00000080     UNINITIALIZED
                  0000c780    00000080     F2837xD_GlobalVariableDefs.obj (Sdfm1RegsFile)

Sdfm2RegsFile 
*          1    0000c800    00000080     UNINITIALIZED
                  0000c800    00000080     F2837xD_GlobalVariableDefs.obj (Sdfm2RegsFile)

Emif1RegsFile 
*          1    0000c880    00000070     UNINITIALIZED
                  0000c880    00000070     F2837xD_GlobalVariableDefs.obj (Emif1RegsFile)

ScibRegsFile 
*          1    0000c8f0    00000010     UNINITIALIZED
                  0000c8f0    00000010     F2837xD_GlobalVariableDefs.obj (ScibRegsFile)

Emif2RegsFile 
*          1    0000c900    00000070     UNINITIALIZED
                  0000c900    00000070     F2837xD_GlobalVariableDefs.obj (Emif2RegsFile)

ScicRegsFile 
*          1    0000c970    00000010     UNINITIALIZED
                  0000c970    00000010     F2837xD_GlobalVariableDefs.obj (ScicRegsFile)

AnalogSubsysRegsFile 
*          1    0000c980    00000048     UNINITIALIZED
                  0000c980    00000048     F2837xD_GlobalVariableDefs.obj (AnalogSubsysRegsFile)

WdRegsFile 
*          1    0000c9c8    0000002b     UNINITIALIZED
                  0000c9c8    0000002b     F2837xD_GlobalVariableDefs.obj (WdRegsFile)

CpuTimer1RegsFile 
*          1    0000c9f4    00000008     UNINITIALIZED
                  0000c9f4    00000008     F2837xD_GlobalVariableDefs.obj (CpuTimer1RegsFile)

Cla1SoftIntRegsFile 
*          1    0000c9fc    00000004     UNINITIALIZED
                  0000c9fc    00000004     F2837xD_GlobalVariableDefs.obj (Cla1SoftIntRegsFile)

UppRegsFile 
*          1    0000ca00    00000048     UNINITIALIZED
                  0000ca00    00000048     F2837xD_GlobalVariableDefs.obj (UppRegsFile)

Flash0EccRegsFile 
*          1    0000ca48    00000028     UNINITIALIZED
                  0000ca48    00000028     F2837xD_GlobalVariableDefs.obj (Flash0EccRegsFile)

ScidRegsFile 
*          1    0000ca70    00000010     UNINITIALIZED
                  0000ca70    00000010     F2837xD_GlobalVariableDefs.obj (ScidRegsFile)

EPwmXbarRegsFile 
*          1    0000ca80    00000040     UNINITIALIZED
                  0000ca80    00000040     F2837xD_GlobalVariableDefs.obj (EPwmXbarRegsFile)

MemoryErrorRegsFile 
*          1    0000cac0    00000040     UNINITIALIZED
                  0000cac0    00000040     F2837xD_GlobalVariableDefs.obj (MemoryErrorRegsFile)

OutputXbarRegsFile 
*          1    0000cb00    00000040     UNINITIALIZED
                  0000cb00    00000040     F2837xD_GlobalVariableDefs.obj (OutputXbarRegsFile)

DcsmZ1RegsFile 
*          1    0000cb40    00000024     UNINITIALIZED
                  0000cb40    00000024     F2837xD_GlobalVariableDefs.obj (DcsmZ1RegsFile)

AdcaResultFile 
*          1    0000cb64    00000018     UNINITIALIZED
                  0000cb64    00000018     F2837xD_GlobalVariableDefs.obj (AdcaResultFile)

DcsmZ2RegsFile 
*          1    0000cb80    00000024     UNINITIALIZED
                  0000cb80    00000024     F2837xD_GlobalVariableDefs.obj (DcsmZ2RegsFile)

AdcbResultFile 
*          1    0000cba4    00000018     UNINITIALIZED
                  0000cba4    00000018     F2837xD_GlobalVariableDefs.obj (AdcbResultFile)

IpcRegsFile 
*          1    0000cbc0    00000024     UNINITIALIZED
                  0000cbc0    00000024     F2837xD_GlobalVariableDefs.obj (IpcRegsFile)

AdccResultFile 
*          1    0000cbe4    00000018     UNINITIALIZED
                  0000cbe4    00000018     F2837xD_GlobalVariableDefs.obj (AdccResultFile)

McbspaRegsFile 
*          1    0000cc00    00000024     UNINITIALIZED
                  0000cc00    00000024     F2837xD_GlobalVariableDefs.obj (McbspaRegsFile)

AdcdResultFile 
*          1    0000cc24    00000018     UNINITIALIZED
                  0000cc24    00000018     F2837xD_GlobalVariableDefs.obj (AdcdResultFile)

McbspbRegsFile 
*          1    0000cc40    00000024     UNINITIALIZED
                  0000cc40    00000024     F2837xD_GlobalVariableDefs.obj (McbspbRegsFile)

SpiaRegsFile 
*          1    0000cc64    00000010     UNINITIALIZED
                  0000cc64    00000010     F2837xD_GlobalVariableDefs.obj (SpiaRegsFile)

CpuTimer2RegsFile 
*          1    0000cc74    00000008     UNINITIALIZED
                  0000cc74    00000008     F2837xD_GlobalVariableDefs.obj (CpuTimer2RegsFile)

EQep2RegsFile 
*          1    0000cc80    00000022     UNINITIALIZED
                  0000cc80    00000022     F2837xD_GlobalVariableDefs.obj (EQep2RegsFile)

SpibRegsFile 
*          1    0000cca2    00000010     UNINITIALIZED
                  0000cca2    00000010     F2837xD_GlobalVariableDefs.obj (SpibRegsFile)

DacaRegsFile 
*          1    0000ccb2    00000008     UNINITIALIZED
                  0000ccb2    00000008     F2837xD_GlobalVariableDefs.obj (DacaRegsFile)

EQep3RegsFile 
*          1    0000ccc0    00000022     UNINITIALIZED
                  0000ccc0    00000022     F2837xD_GlobalVariableDefs.obj (EQep3RegsFile)

SpicRegsFile 
*          1    0000cce2    00000010     UNINITIALIZED
                  0000cce2    00000010     F2837xD_GlobalVariableDefs.obj (SpicRegsFile)

DacbRegsFile 
*          1    0000ccf2    00000008     UNINITIALIZED
                  0000ccf2    00000008     F2837xD_GlobalVariableDefs.obj (DacbRegsFile)

I2caRegsFile 
*          1    0000cd00    00000022     UNINITIALIZED
                  0000cd00    00000022     F2837xD_GlobalVariableDefs.obj (I2caRegsFile)

DaccRegsFile 
*          1    0000cd22    00000008     UNINITIALIZED
                  0000cd22    00000008     F2837xD_GlobalVariableDefs.obj (DaccRegsFile)

DcsmCommonRegsFile 
*          1    0000cd2a    00000008     UNINITIALIZED
                  0000cd2a    00000008     F2837xD_GlobalVariableDefs.obj (DcsmCommonRegsFile)

NmiIntruptRegsFile 
*          1    0000cd32    00000007     UNINITIALIZED
                  0000cd32    00000007     F2837xD_GlobalVariableDefs.obj (NmiIntruptRegsFile)

I2cbRegsFile 
*          1    0000cd40    00000022     UNINITIALIZED
                  0000cd40    00000022     F2837xD_GlobalVariableDefs.obj (I2cbRegsFile)

Cmpss1RegsFile 
*          1    0000cd80    00000020     UNINITIALIZED
                  0000cd80    00000020     F2837xD_GlobalVariableDefs.obj (Cmpss1RegsFile)

Cmpss2RegsFile 
*          1    0000cda0    00000020     UNINITIALIZED
                  0000cda0    00000020     F2837xD_GlobalVariableDefs.obj (Cmpss2RegsFile)

Cmpss3RegsFile 
*          1    0000cdc0    00000020     UNINITIALIZED
                  0000cdc0    00000020     F2837xD_GlobalVariableDefs.obj (Cmpss3RegsFile)

Cmpss4RegsFile 
*          1    0000cde0    00000020     UNINITIALIZED
                  0000cde0    00000020     F2837xD_GlobalVariableDefs.obj (Cmpss4RegsFile)

Cmpss5RegsFile 
*          1    0000ce00    00000020     UNINITIALIZED
                  0000ce00    00000020     F2837xD_GlobalVariableDefs.obj (Cmpss5RegsFile)

Cmpss6RegsFile 
*          1    0000ce20    00000020     UNINITIALIZED
                  0000ce20    00000020     F2837xD_GlobalVariableDefs.obj (Cmpss6RegsFile)

Cmpss7RegsFile 
*          1    0000ce40    00000020     UNINITIALIZED
                  0000ce40    00000020     F2837xD_GlobalVariableDefs.obj (Cmpss7RegsFile)

Cmpss8RegsFile 
*          1    0000ce60    00000020     UNINITIALIZED
                  0000ce60    00000020     F2837xD_GlobalVariableDefs.obj (Cmpss8RegsFile)

DcsmZ1OtpFile 
*          1    0000ce80    00000020     UNINITIALIZED
                  0000ce80    00000020     F2837xD_GlobalVariableDefs.obj (DcsmZ1OtpFile)

DcsmZ2OtpFile 
*          1    0000cea0    00000020     UNINITIALIZED
                  0000cea0    00000020     F2837xD_GlobalVariableDefs.obj (DcsmZ2OtpFile)

ECap1RegsFile 
*          1    0000cec0    00000020     UNINITIALIZED
                  0000cec0    00000020     F2837xD_GlobalVariableDefs.obj (ECap1RegsFile)

ECap2RegsFile 
*          1    0000cee0    00000020     UNINITIALIZED
                  0000cee0    00000020     F2837xD_GlobalVariableDefs.obj (ECap2RegsFile)

ECap3RegsFile 
*          1    0000cf00    00000020     UNINITIALIZED
                  0000cf00    00000020     F2837xD_GlobalVariableDefs.obj (ECap3RegsFile)

ECap4RegsFile 
*          1    0000cf20    00000020     UNINITIALIZED
                  0000cf20    00000020     F2837xD_GlobalVariableDefs.obj (ECap4RegsFile)

ECap5RegsFile 
*          1    0000cf40    00000020     UNINITIALIZED
                  0000cf40    00000020     F2837xD_GlobalVariableDefs.obj (ECap5RegsFile)

ECap6RegsFile 
*          1    0000cf60    00000020     UNINITIALIZED
                  0000cf60    00000020     F2837xD_GlobalVariableDefs.obj (ECap6RegsFile)

Emif1ConfigRegsFile 
*          1    0000cf80    00000020     UNINITIALIZED
                  0000cf80    00000020     F2837xD_GlobalVariableDefs.obj (Emif1ConfigRegsFile)

Emif2ConfigRegsFile 
*          1    0000cfa0    00000020     UNINITIALIZED
                  0000cfa0    00000020     F2837xD_GlobalVariableDefs.obj (Emif2ConfigRegsFile)

InputXbarRegsFile 
*          1    0000cfc0    00000020     UNINITIALIZED
                  0000cfc0    00000020     F2837xD_GlobalVariableDefs.obj (InputXbarRegsFile)

XbarRegsFile 
*          1    0000cfe0    00000020     UNINITIALIZED
                  0000cfe0    00000020     F2837xD_GlobalVariableDefs.obj (XbarRegsFile)

MODULE SUMMARY

       Module                           code   initialized data   uninitialized data
       ------                           ----   ----------------   ------------------
    .\
       main.obj                         263    5                  2                 
    +--+--------------------------------+------+------------------+--------------------+
       Total:                           263    5                  2                 
                                                                                    
    .\lib\
       F2837xD_GlobalVariableDefs.obj   0      0                  8763              
       F2837xD_DefaultISR.obj           1413   0                  0                 
       F2837xD_SysCtrl.obj              827    0                  0                 
       F2837xD_Gpio.obj                 580    0                  0                 
       F2837xD_PieVect.obj              38     448                0                 
       F2837xD_struct.obj               0      144                114               
       F2837xD_CpuTimers.obj            124    0                  24                
       F2837xD_Ipc_Driver.obj           0      0                  136               
       F2837xD_PieCtrl.obj              40     0                  0                 
       F2837xD_usDelay.obj              8      0                  0                 
       F2837xD_TempSensorConv.obj       0      0                  6                 
       F2837xD_sci_io.obj               0      4                  1                 
       F2837xD_DBGIER.obj               3      0                  0                 
       F2837xD_CodeStartBranch.obj      2      0                  0                 
    +--+--------------------------------+------+------------------+--------------------+
       Total:                           3035   596                9044              
                                                                                    
    C:\ti\ccs1240\ccs\tools\compiler\ti-cgt-c2000_22.6.0.LTS\lib\rts2800_fpu32.lib
       fs_div28.asm.obj                 136    0                  0                 
       boot28.asm.obj                   86     0                  0                 
       exit.c.obj                       41     14                 6                 
       cpy_tbl.c.obj                    36     0                  0                 
       memcpy.c.obj                     29     0                  0                 
       ll_aox28.asm.obj                 24     0                  0                 
       _lock.c.obj                      9      10                 4                 
       args_main.c.obj                  18     0                  0                 
       pre_init.c.obj                   2      0                  0                 
       startup.c.obj                    1      0                  0                 
    +--+--------------------------------+------+------------------+--------------------+
       Total:                           382    24                 10                
                                                                                    
       Stack:                           0      0                  512               
    +--+--------------------------------+------+------------------+--------------------+
       Grand Total:                     3680   625                9568              


LINKER GENERATED MEMRANGE CRC TABLES

_ccs_flash_checksum @ 00000000 records: 16, size/record: 6, table size: 102, algorithm=C28_CHECKSUM_16(ID=13), CRC: 00001c3c
	BEGIN: page=0, load addr=00080000, size=00000002
	FLASHA: page=0, load addr=00080002, size=00001ffe
	FLASHB: page=0, load addr=00082000, size=00002000
	FLASHC: page=0, load addr=00084000, size=00002000
	FLASHD: page=0, load addr=00086000, size=00002000
	FLASHE: page=0, load addr=00088000, size=00008000
	FLASHF: page=0, load addr=00090000, size=00008000
	FLASHG: page=0, load addr=00098000, size=00008000
	FLASHH: page=0, load addr=000a0000, size=00008000
	FLASHI: page=0, load addr=000a8000, size=00008000
	FLASHJ: page=0, load addr=000b0000, size=00008000
	FLASHK: page=0, load addr=000b8000, size=00002000
	FLASHL: page=0, load addr=000ba000, size=00002000
	FLASHM: page=0, load addr=000bc000, size=00002000
	FLASHN: page=0, load addr=000be000, size=00001ff0
	FLASHN_DO_NOT_USE: page=0, load addr=000bfff0, size=00000010


GLOBAL DATA SYMBOLS: SORTED BY DATA PAGE

address     data page           name
--------    ----------------    ----
00000002       0 (00000000)     _Cla1Regs

00000040       1 (00000040)     _DmaRegs

00000120       4 (00000100)     _FlashPumpSemaphoreRegs

00000400      10 (00000400)     __stack

00000600      18 (00000600)     _PieVectTable

000007c0      1f (000007c0)     _AccessProtectionRegs

0000a800     2a0 (0000a800)     _TRIP_SEL
0000a81e     2a0 (0000a800)     _EPWM
0000a838     2a0 (0000a800)     _EQEP

0000a840     2a1 (0000a840)     _CpuTimer0
0000a848     2a1 (0000a840)     _CpuTimer1
0000a850     2a1 (0000a840)     _CpuTimer2
0000a858     2a1 (0000a840)     _ECAP
0000a866     2a1 (0000a840)     _ADC
0000a870     2a1 (0000a840)     _SPI
0000a878     2a1 (0000a840)     _tempSensor_tempSlope
0000a87a     2a1 (0000a840)     _tempSensor_tempOffset
0000a87c     2a1 (0000a840)     _tempSensor_scaleFactor
0000a87e     2a1 (0000a840)     __lock

0000a880     2a2 (0000a880)     _SDFM
0000a886     2a2 (0000a880)     ___TI_enable_exit_profile_output
0000a888     2a2 (0000a880)     ___TI_cleanup_ptr
0000a88a     2a2 (0000a880)     ___TI_dtors_ptr
0000a88c     2a2 (0000a880)     _I2C
0000a890     2a2 (0000a880)     _MCBSP
0000a894     2a2 (0000a880)     _SCI
0000a898     2a2 (0000a880)     __unlock
0000a89a     2a2 (0000a880)     _count
0000a89c     2a2 (0000a880)     _deviceOpen
0000a89d     2a2 (0000a880)     _EmuBMode
0000a89e     2a2 (0000a880)     _EQep1Regs

0000a8c0     2a3 (0000a8c0)     _Flash0CtrlRegs

0000aa42     2a9 (0000aa40)     _ClkCfgRegs
0000aa74     2a9 (0000aa40)     _XintRegs
0000aa7f     2a9 (0000aa40)     _EmuKey

0000aa80     2aa (0000aa80)     _GpioCtrlRegs

0000ac00     2b0 (0000ac00)     _CanaRegs

0000ad64     2b5 (0000ad40)     _DmaClaSrcSelRegs
0000ad7e     2b5 (0000ad40)     _RomPrefetchRegs

0000ad80     2b6 (0000ad80)     _CanbRegs

0000aee4     2bb (0000aec0)     _PieCtrlRegs
0000aefe     2bb (0000aec0)     _RomWaitStateRegs

0000af00     2bc (0000af00)     _EPwm10Regs

0000b800     2e0 (0000b800)     _DevCfgRegs

0000b92e     2e4 (0000b900)     _SciaRegs

0000b940     2e5 (0000b940)     _EPwm11Regs

0000ba40     2e9 (0000ba40)     _EPwm12Regs

0000bb40     2ed (0000bb40)     _EPwm1Regs

0000bc40     2f1 (0000bc40)     _EPwm2Regs

0000bd40     2f5 (0000bd40)     _EPwm3Regs

0000be40     2f9 (0000be40)     _EPwm4Regs

0000bf40     2fd (0000bf40)     _CpuSysRegs

0000bfc2     2ff (0000bfc0)     _GpioDataRegs
0000bff2     2ff (0000bfc0)     _CpuTimer0Regs
0000bffa     2ff (0000bfc0)     _SyncSocRegs

0000c000     300 (0000c000)     _EPwm5Regs

0000c100     304 (0000c100)     _EPwm6Regs

0000c200     308 (0000c200)     _EPwm7Regs

0000c300     30c (0000c300)     _EPwm8Regs

0000c400     310 (0000c400)     _EPwm9Regs

0000c500     314 (0000c500)     _AdcaRegs

0000c580     316 (0000c580)     _AdcbRegs

0000c600     318 (0000c600)     _AdccRegs

0000c680     31a (0000c680)     _AdcdRegs

0000c700     31c (0000c700)     _MemCfgRegs

0000c780     31e (0000c780)     _Sdfm1Regs

0000c800     320 (0000c800)     _Sdfm2Regs

0000c880     322 (0000c880)     _Emif1Regs

0000c8f0     323 (0000c8c0)     _ScibRegs

0000c900     324 (0000c900)     _Emif2Regs

0000c970     325 (0000c940)     _ScicRegs

0000c980     326 (0000c980)     _AnalogSubsysRegs

0000c9c8     327 (0000c9c0)     _WdRegs
0000c9f4     327 (0000c9c0)     _CpuTimer1Regs
0000c9fc     327 (0000c9c0)     _Cla1SoftIntRegs

0000ca00     328 (0000ca00)     _UppRegs

0000ca48     329 (0000ca40)     _Flash0EccRegs
0000ca70     329 (0000ca40)     _ScidRegs

0000ca80     32a (0000ca80)     _EPwmXbarRegs

0000cac0     32b (0000cac0)     _MemoryErrorRegs

0000cb00     32c (0000cb00)     _OutputXbarRegs

0000cb40     32d (0000cb40)     _DcsmZ1Regs
0000cb64     32d (0000cb40)     _AdcaResultRegs

0000cb80     32e (0000cb80)     _DcsmZ2Regs
0000cba4     32e (0000cb80)     _AdcbResultRegs

0000cbc0     32f (0000cbc0)     _IpcRegs
0000cbe4     32f (0000cbc0)     _AdccResultRegs

0000cc00     330 (0000cc00)     _McbspaRegs
0000cc24     330 (0000cc00)     _AdcdResultRegs

0000cc40     331 (0000cc40)     _McbspbRegs
0000cc64     331 (0000cc40)     _SpiaRegs
0000cc74     331 (0000cc40)     _CpuTimer2Regs

0000cc80     332 (0000cc80)     _EQep2Regs
0000cca2     332 (0000cc80)     _SpibRegs
0000ccb2     332 (0000cc80)     _DacaRegs

0000ccc0     333 (0000ccc0)     _EQep3Regs
0000cce2     333 (0000ccc0)     _SpicRegs
0000ccf2     333 (0000ccc0)     _DacbRegs

0000cd00     334 (0000cd00)     _I2caRegs
0000cd22     334 (0000cd00)     _DaccRegs
0000cd2a     334 (0000cd00)     _DcsmCommonRegs
0000cd32     334 (0000cd00)     _NmiIntruptRegs

0000cd40     335 (0000cd40)     _I2cbRegs

0000cd80     336 (0000cd80)     _Cmpss1Regs
0000cda0     336 (0000cd80)     _Cmpss2Regs

0000cdc0     337 (0000cdc0)     _Cmpss3Regs
0000cde0     337 (0000cdc0)     _Cmpss4Regs

0000ce00     338 (0000ce00)     _Cmpss5Regs
0000ce20     338 (0000ce00)     _Cmpss6Regs

0000ce40     339 (0000ce40)     _Cmpss7Regs
0000ce60     339 (0000ce40)     _Cmpss8Regs

0000ce80     33a (0000ce80)     _DcsmZ1Otp
0000cea0     33a (0000ce80)     _DcsmZ2Otp

0000cec0     33b (0000cec0)     _ECap1Regs
0000cee0     33b (0000cec0)     _ECap2Regs

0000cf00     33c (0000cf00)     _ECap3Regs
0000cf20     33c (0000cf00)     _ECap4Regs

0000cf40     33d (0000cf40)     _ECap5Regs
0000cf60     33d (0000cf40)     _ECap6Regs

0000cf80     33e (0000cf80)     _Emif1ConfigRegs
0000cfa0     33e (0000cf80)     _Emif2ConfigRegs

0000cfc0     33f (0000cfc0)     _InputXbarRegs
0000cfe0     33f (0000cfc0)     _XbarRegs

0003f800     fe0 (0003f800)     _g_asIPCCPU2toCPU1Buffers

0003f880     fe2 (0003f880)     _g_usGetWriteIndexes
0003f884     fe2 (0003f880)     _g_usPutReadIndexes

0003fc00     ff0 (0003fc00)     _g_asIPCCPU1toCPU2Buffers

0003fc80     ff2 (0003fc80)     _g_usPutWriteIndexes
0003fc84     ff2 (0003fc80)     _g_usGetReadIndexes

00090000    2400 (00090000)     _PieVectTableInit


GLOBAL SYMBOLS: SORTED ALPHABETICALLY BY Name 

page  address   name                                  
----  -------   ----                                  
abs   ffffffff  .text                                 
0     00082e19  C$$EXIT                               
0     00082cbf  FS$$DIV                               
0     00082ed1  LL$$AND                               
0     00082ed9  LL$$OR                                
0     00082ee1  LL$$XOR                               
1     0000a866  _ADC                                  
0     00082172  _ADCA1_ISR                            
0     000823f2  _ADCA2_ISR                            
0     000823fc  _ADCA3_ISR                            
0     00082406  _ADCA4_ISR                            
0     000823e8  _ADCA_EVT_ISR                         
0     0008217c  _ADCB1_ISR                            
0     0008241a  _ADCB2_ISR                            
0     00082424  _ADCB3_ISR                            
0     0008242e  _ADCB4_ISR                            
0     00082410  _ADCB_EVT_ISR                         
0     00082186  _ADCC1_ISR                            
0     00082582  _ADCC2_ISR                            
0     0008258c  _ADCC3_ISR                            
0     00082596  _ADCC4_ISR                            
0     00082578  _ADCC_EVT_ISR                         
0     000821a4  _ADCD1_ISR                            
0     000825aa  _ADCD2_ISR                            
0     000825b4  _ADCD3_ISR                            
0     000825be  _ADCD4_ISR                            
0     000825a0  _ADCD_EVT_ISR                         
0     000825fa  _AUX_PLL_SLIP_ISR                     
1     000007c0  _AccessProtectionRegs                 
1     0000c500  _AdcaRegs                             
1     0000cb64  _AdcaResultRegs                       
1     0000c580  _AdcbRegs                             
1     0000cba4  _AdcbResultRegs                       
1     0000c600  _AdccRegs                             
1     0000cbe4  _AdccResultRegs                       
1     0000c680  _AdcdRegs                             
1     0000cc24  _AdcdResultRegs                       
1     0000c980  _AnalogSubsysRegs                     
0     00082920  _AuxAuxClkSel                         
0     0008290a  _AuxIntOsc2Sel                        
0     00082914  _AuxXtalOscSel                        
0     000823c0  _CANA0_ISR                            
0     000823ca  _CANA1_ISR                            
0     000823d4  _CANB0_ISR                            
0     000823de  _CANB1_ISR                            
0     00082438  _CLA1_1_ISR                           
0     00082442  _CLA1_2_ISR                           
0     0008244c  _CLA1_3_ISR                           
0     00082456  _CLA1_4_ISR                           
0     00082460  _CLA1_5_ISR                           
0     0008246a  _CLA1_6_ISR                           
0     00082474  _CLA1_7_ISR                           
0     0008247e  _CLA1_8_ISR                           
0     00082604  _CLA_OVERFLOW_ISR                     
0     0008260e  _CLA_UNDERFLOW_ISR                    
1     0000ac00  _CanaRegs                             
1     0000ad80  _CanbRegs                             
1     00000002  _Cla1Regs                             
1     0000c9fc  _Cla1SoftIntRegs                      
1     0000aa42  _ClkCfgRegs                           
1     0000cd80  _Cmpss1Regs                           
1     0000cda0  _Cmpss2Regs                           
1     0000cdc0  _Cmpss3Regs                           
1     0000cde0  _Cmpss4Regs                           
1     0000ce00  _Cmpss5Regs                           
1     0000ce20  _Cmpss6Regs                           
1     0000ce40  _Cmpss7Regs                           
1     0000ce60  _Cmpss8Regs                           
0     00082d88  _ConfigCpuTimer                       
1     0000bf40  _CpuSysRegs                           
1     0000a840  _CpuTimer0                            
1     0000bff2  _CpuTimer0Regs                        
1     0000a848  _CpuTimer1                            
1     0000c9f4  _CpuTimer1Regs                        
1     0000a850  _CpuTimer2                            
1     0000cc74  _CpuTimer2Regs                        
0     000828c9  _CsmUnlock                            
0     000820c8  _DATALOG_ISR                          
0     0008230c  _DMA_CH1_ISR                          
0     00082316  _DMA_CH2_ISR                          
0     00082320  _DMA_CH3_ISR                          
0     0008232a  _DMA_CH4_ISR                          
0     00082334  _DMA_CH5_ISR                          
0     0008233e  _DMA_CH6_ISR                          
1     0000ccb2  _DacaRegs                             
1     0000ccf2  _DacbRegs                             
1     0000cd22  _DaccRegs                             
1     0000cd2a  _DcsmCommonRegs                       
1     0000ce80  _DcsmZ1Otp                            
1     0000cb40  _DcsmZ1Regs                           
1     0000cea0  _DcsmZ2Otp                            
1     0000cb80  _DcsmZ2Regs                           
1     0000b800  _DevCfgRegs                           
0     0008272d  _DisableDog                           
0     000826ee  _DisablePeripheralClocks              
1     0000ad64  _DmaClaSrcSelRegs                     
1     00000040  _DmaRegs                              
1     0000a858  _ECAP                                 
0     00082262  _ECAP1_ISR                            
0     0008226c  _ECAP2_ISR                            
0     00082276  _ECAP3_ISR                            
0     00082280  _ECAP4_ISR                            
0     0008228a  _ECAP5_ISR                            
0     00082294  _ECAP6_ISR                            
1     0000cec0  _ECap1Regs                            
1     0000cee0  _ECap2Regs                            
1     0000cf00  _ECap3Regs                            
1     0000cf20  _ECap4Regs                            
1     0000cf40  _ECap5Regs                            
1     0000cf60  _ECap6Regs                            
0     000825c8  _EMIF_ERROR_ISR                       
0     00082622  _EMPTY_ISR                            
0     000820dc  _EMU_ISR                              
1     0000a81e  _EPWM                                 
0     0008251e  _EPWM10_ISR                           
0     000824f6  _EPWM10_TZ_ISR                        
0     00082528  _EPWM11_ISR                           
0     00082500  _EPWM11_TZ_ISR                        
0     00082532  _EPWM12_ISR                           
0     0008250a  _EPWM12_TZ_ISR                        
0     00082212  _EPWM1_ISR                            
0     000821c2  _EPWM1_TZ_ISR                         
0     0008221c  _EPWM2_ISR                            
0     000821cc  _EPWM2_TZ_ISR                         
0     00082226  _EPWM3_ISR                            
0     000821d6  _EPWM3_TZ_ISR                         
0     00082230  _EPWM4_ISR                            
0     000821e0  _EPWM4_TZ_ISR                         
0     0008223a  _EPWM5_ISR                            
0     000821ea  _EPWM5_TZ_ISR                         
0     00082244  _EPWM6_ISR                            
0     000821f4  _EPWM6_TZ_ISR                         
0     0008224e  _EPWM7_ISR                            
0     000821fe  _EPWM7_TZ_ISR                         
0     00082258  _EPWM8_ISR                            
0     00082208  _EPWM8_TZ_ISR                         
0     00082514  _EPWM9_ISR                            
0     000824ec  _EPWM9_TZ_ISR                         
1     0000af00  _EPwm10Regs                           
1     0000b940  _EPwm11Regs                           
1     0000ba40  _EPwm12Regs                           
1     0000bb40  _EPwm1Regs                            
1     0000bc40  _EPwm2Regs                            
1     0000bd40  _EPwm3Regs                            
1     0000be40  _EPwm4Regs                            
1     0000c000  _EPwm5Regs                            
1     0000c100  _EPwm6Regs                            
1     0000c200  _EPwm7Regs                            
1     0000c300  _EPwm8Regs                            
1     0000c400  _EPwm9Regs                            
1     0000ca80  _EPwmXbarRegs                         
1     0000a838  _EQEP                                 
0     0008229e  _EQEP1_ISR                            
0     000822a8  _EQEP2_ISR                            
0     000822b2  _EQEP3_ISR                            
1     0000a89e  _EQep1Regs                            
1     0000cc80  _EQep2Regs                            
1     0000ccc0  _EQep3Regs                            
1     0000cf80  _Emif1ConfigRegs                      
1     0000c880  _Emif1Regs                            
1     0000cfa0  _Emif2ConfigRegs                      
1     0000c900  _Emif2Regs                            
1     0000a89d  _EmuBMode                             
1     0000aa7f  _EmuKey                               
0     00082e61  _EnableInterrupts                     
0     00008000  _F28x_usDelay                         
0     000825dc  _FLASH_CORRECTABLE_ERROR_ISR          
0     000824b0  _FPU_OVERFLOW_ISR                     
0     000824ba  _FPU_UNDERFLOW_ISR                    
1     0000a8c0  _Flash0CtrlRegs                       
1     0000ca48  _Flash0EccRegs                        
1     00000120  _FlashPumpSemaphoreRegs               
0     00082b6d  _GPIO_EnableUnbondedIOPullups         
0     00082b48  _GPIO_EnableUnbondedIOPullupsFor100Pin
0     00082b2f  _GPIO_EnableUnbondedIOPullupsFor176Pin
0     00082b83  _GPIO_ReadPin                         
0     00082ad4  _GPIO_SetupLock                       
0     000829b4  _GPIO_SetupPinMux                     
0     00082a40  _GPIO_SetupPinOptions                 
0     00082afd  _GPIO_SetupXINT1Gpio                  
0     00082b07  _GPIO_SetupXINT2Gpio                  
0     00082b11  _GPIO_SetupXINT3Gpio                  
0     00082b1b  _GPIO_SetupXINT4Gpio                  
0     00082b25  _GPIO_SetupXINT5Gpio                  
0     00082b9a  _GPIO_WritePin                        
1     0000aa80  _GpioCtrlRegs                         
1     0000bfc2  _GpioDataRegs                         
0     0008293e  _HALT                                 
0     00082957  _HIB                                  
1     0000a88c  _I2C                                  
0     00082352  _I2CA_FIFO_ISR                        
0     00082348  _I2CA_ISR                             
0     00082366  _I2CB_FIFO_ISR                        
0     0008235c  _I2CB_ISR                             
1     0000cd00  _I2caRegs                             
1     0000cd40  _I2cbRegs                             
0     0008292a  _IDLE                                 
0     000820f0  _ILLEGAL_ISR                          
0     000824c4  _IPC0_ISR                             
0     000824ce  _IPC1_ISR                             
0     000824d8  _IPC2_ISR                             
0     000824e2  _IPC3_ISR                             
0     00082801  _InitAuxPll                           
0     00082d47  _InitCpuTimers                        
0     00082974  _InitGpio                             
0     0008266a  _InitPeripheralClocks                 
0     00082e42  _InitPieCtrl                          
0     00082e6a  _InitPieVectTable                     
0     00082639  _InitSysCtrl                          
0     0008273b  _InitSysPll                           
1     0000cfc0  _InputXbarRegs                        
1     0000cbc0  _IpcRegs                              
1     0000a890  _MCBSP                                
0     000822e4  _MCBSPA_RX_ISR                        
0     000822ee  _MCBSPA_TX_ISR                        
0     000822f8  _MCBSPB_RX_ISR                        
0     00082302  _MCBSPB_TX_ISR                        
1     0000cc00  _McbspaRegs                           
1     0000cc40  _McbspbRegs                           
1     0000c700  _MemCfgRegs                           
1     0000cac0  _MemoryErrorRegs                      
0     000820e6  _NMI_ISR                              
0     0008262f  _NOTUSED_ISR                          
1     0000cd32  _NmiIntruptRegs                       
1     0000cb00  _OutputXbarRegs                       
0     00082618  _PIE_RESERVED_ISR                     
1     0000aee4  _PieCtrlRegs                          
1     00000600  _PieVectTable                         
0     00090000  _PieVectTableInit                     
0     000825e6  _RAM_ACCESS_VIOLATION_ISR             
0     000825d2  _RAM_CORRECTABLE_ERROR_ISR            
0     000820d2  _RTOS_ISR                             
0     00086004  _RamfuncsLoadEnd                      
abs   00000004  _RamfuncsLoadSize                     
0     00086000  _RamfuncsLoadStart                    
0     00008004  _RamfuncsRunEnd                       
abs   00000004  _RamfuncsRunSize                      
0     00008000  _RamfuncsRunStart                     
0     00082715  _ReleaseFlashPump                     
1     0000ad7e  _RomPrefetchRegs                      
1     0000aefe  _RomWaitStateRegs                     
1     0000a894  _SCI                                  
0     00082398  _SCIA_RX_ISR                          
0     000823a2  _SCIA_TX_ISR                          
0     000823ac  _SCIB_RX_ISR                          
0     000823b6  _SCIB_TX_ISR                          
0     00082370  _SCIC_RX_ISR                          
0     0008237a  _SCIC_TX_ISR                          
0     00082384  _SCID_RX_ISR                          
0     0008238e  _SCID_TX_ISR                          
0     0008253c  _SD1_ISR                              
0     00082546  _SD2_ISR                              
1     0000a880  _SDFM                                 
1     0000a870  _SPI                                  
0     000822bc  _SPIA_RX_ISR                          
0     000822c6  _SPIA_TX_ISR                          
0     000822d0  _SPIB_RX_ISR                          
0     000822da  _SPIB_TX_ISR                          
0     00082550  _SPIC_RX_ISR                          
0     0008255a  _SPIC_TX_ISR                          
0     00082933  _STANDBY                              
0     000825f0  _SYS_PLL_SLIP_ISR                     
1     0000b92e  _SciaRegs                             
1     0000c8f0  _ScibRegs                             
1     0000c970  _ScicRegs                             
1     0000ca70  _ScidRegs                             
1     0000c780  _Sdfm1Regs                            
1     0000c800  _Sdfm2Regs                            
0     00082706  _SeizeFlashPump                       
0     0008271f  _ServiceDog                           
0     00082f04  _SetDBGIER                            
0     00082c4e  _Setup_GPIO                           
0     00082bb8  _Setup_ePWM                           
1     0000cc64  _SpiaRegs                             
1     0000cca2  _SpibRegs                             
1     0000cce2  _SpicRegs                             
1     0000bffa  _SyncSocRegs                          
0     000828ea  _SysIntOsc1Sel                        
0     000828f4  _SysIntOsc2Sel                        
0     000828fe  _SysXtalOscSel                        
0     000821ae  _TIMER0_ISR                           
0     000820b4  _TIMER1_ISR                           
0     000820be  _TIMER2_ISR                           
1     0000a800  _TRIP_SEL                             
0     00082564  _UPPA_ISR                             
0     0008256e  _USBA_ISR                             
0     00082154  _USER10_ISR                           
0     0008215e  _USER11_ISR                           
0     00082168  _USER12_ISR                           
0     000820fa  _USER1_ISR                            
0     00082104  _USER2_ISR                            
0     0008210e  _USER3_ISR                            
0     00082118  _USER4_ISR                            
0     00082122  _USER5_ISR                            
0     0008212c  _USER6_ISR                            
0     00082136  _USER7_ISR                            
0     00082140  _USER8_ISR                            
0     0008214a  _USER9_ISR                            
1     0000ca00  _UppRegs                              
0     000824a6  _VCU_ISR                              
0     000821b8  _WAKE_ISR                             
1     0000c9c8  _WdRegs                               
0     00082190  _XINT1_ISR                            
0     0008219a  _XINT2_ISR                            
0     00082488  _XINT3_ISR                            
0     00082492  _XINT4_ISR                            
0     0008249c  _XINT5_ISR                            
1     0000cfe0  _XbarRegs                             
1     0000aa74  _XintRegs                             
1     00000600  __STACK_END                           
abs   00000200  __STACK_SIZE                          
0     00000000  __TI_MEMRANGE_CRC__ccs_flash_checksum 
1     0000a888  ___TI_cleanup_ptr                     
1     0000a88a  ___TI_dtors_ptr                       
1     0000a886  ___TI_enable_exit_profile_output      
abs   ffffffff  ___TI_pprof_out_hndl                  
abs   ffffffff  ___TI_prof_data_size                  
abs   ffffffff  ___TI_prof_data_start                 
abs   ffffffff  ___binit__                            
abs   ffffffff  ___c_args__                           
0     00082000  ___cinit__                            
abs   ffffffff  ___etext__                            
abs   ffffffff  ___pinit__                            
abs   ffffffff  ___text__                             
0     00082ee9  __args_main                           
1     0000a87e  __lock                                
0     00082f03  __nop                                 
0     00082eff  __register_lock                       
0     00082efb  __register_unlock                     
1     00000400  __stack                               
0     00082f09  __system_post_cinit                   
0     00082f07  __system_pre_init                     
1     0000a898  __unlock                              
0     00082e19  _abort                                
0     00082dc3  _c_int00                              
0     00000000  _ccs_flash_checksum                   
0     00082e90  _copy_in                              
1     0000a89a  _count                                
1     0000a89c  _deviceOpen                           
0     00082e1b  _exit                                 
1     0003fc00  _g_asIPCCPU1toCPU2Buffers             
0     0003f800  _g_asIPCCPU2toCPU1Buffers             
1     0003fc84  _g_usGetReadIndexes                   
0     0003f880  _g_usGetWriteIndexes                  
0     0003f884  _g_usPutReadIndexes                   
1     0003fc80  _g_usPutWriteIndexes                  
0     00082c88  _main                                 
0     00082eb4  _memcpy                               
1     0000a87c  _tempSensor_scaleFactor               
1     0000a87a  _tempSensor_tempOffset                
1     0000a878  _tempSensor_tempSlope                 
abs   ffffffff  binit                                 
0     00082000  cinit                                 
0     00080000  code_start                            
abs   ffffffff  etext                                 
abs   ffffffff  pinit                                 


GLOBAL SYMBOLS: SORTED BY Symbol Address 

page  address   name                                  
----  -------   ----                                  
0     00000000  __TI_MEMRANGE_CRC__ccs_flash_checksum 
0     00000000  _ccs_flash_checksum                   
0     00008000  _F28x_usDelay                         
0     00008000  _RamfuncsRunStart                     
0     00008004  _RamfuncsRunEnd                       
0     0003f800  _g_asIPCCPU2toCPU1Buffers             
0     0003f880  _g_usGetWriteIndexes                  
0     0003f884  _g_usPutReadIndexes                   
0     00080000  code_start                            
0     00082000  ___cinit__                            
0     00082000  cinit                                 
0     000820b4  _TIMER1_ISR                           
0     000820be  _TIMER2_ISR                           
0     000820c8  _DATALOG_ISR                          
0     000820d2  _RTOS_ISR                             
0     000820dc  _EMU_ISR                              
0     000820e6  _NMI_ISR                              
0     000820f0  _ILLEGAL_ISR                          
0     000820fa  _USER1_ISR                            
0     00082104  _USER2_ISR                            
0     0008210e  _USER3_ISR                            
0     00082118  _USER4_ISR                            
0     00082122  _USER5_ISR                            
0     0008212c  _USER6_ISR                            
0     00082136  _USER7_ISR                            
0     00082140  _USER8_ISR                            
0     0008214a  _USER9_ISR                            
0     00082154  _USER10_ISR                           
0     0008215e  _USER11_ISR                           
0     00082168  _USER12_ISR                           
0     00082172  _ADCA1_ISR                            
0     0008217c  _ADCB1_ISR                            
0     00082186  _ADCC1_ISR                            
0     00082190  _XINT1_ISR                            
0     0008219a  _XINT2_ISR                            
0     000821a4  _ADCD1_ISR                            
0     000821ae  _TIMER0_ISR                           
0     000821b8  _WAKE_ISR                             
0     000821c2  _EPWM1_TZ_ISR                         
0     000821cc  _EPWM2_TZ_ISR                         
0     000821d6  _EPWM3_TZ_ISR                         
0     000821e0  _EPWM4_TZ_ISR                         
0     000821ea  _EPWM5_TZ_ISR                         
0     000821f4  _EPWM6_TZ_ISR                         
0     000821fe  _EPWM7_TZ_ISR                         
0     00082208  _EPWM8_TZ_ISR                         
0     00082212  _EPWM1_ISR                            
0     0008221c  _EPWM2_ISR                            
0     00082226  _EPWM3_ISR                            
0     00082230  _EPWM4_ISR                            
0     0008223a  _EPWM5_ISR                            
0     00082244  _EPWM6_ISR                            
0     0008224e  _EPWM7_ISR                            
0     00082258  _EPWM8_ISR                            
0     00082262  _ECAP1_ISR                            
0     0008226c  _ECAP2_ISR                            
0     00082276  _ECAP3_ISR                            
0     00082280  _ECAP4_ISR                            
0     0008228a  _ECAP5_ISR                            
0     00082294  _ECAP6_ISR                            
0     0008229e  _EQEP1_ISR                            
0     000822a8  _EQEP2_ISR                            
0     000822b2  _EQEP3_ISR                            
0     000822bc  _SPIA_RX_ISR                          
0     000822c6  _SPIA_TX_ISR                          
0     000822d0  _SPIB_RX_ISR                          
0     000822da  _SPIB_TX_ISR                          
0     000822e4  _MCBSPA_RX_ISR                        
0     000822ee  _MCBSPA_TX_ISR                        
0     000822f8  _MCBSPB_RX_ISR                        
0     00082302  _MCBSPB_TX_ISR                        
0     0008230c  _DMA_CH1_ISR                          
0     00082316  _DMA_CH2_ISR                          
0     00082320  _DMA_CH3_ISR                          
0     0008232a  _DMA_CH4_ISR                          
0     00082334  _DMA_CH5_ISR                          
0     0008233e  _DMA_CH6_ISR                          
0     00082348  _I2CA_ISR                             
0     00082352  _I2CA_FIFO_ISR                        
0     0008235c  _I2CB_ISR                             
0     00082366  _I2CB_FIFO_ISR                        
0     00082370  _SCIC_RX_ISR                          
0     0008237a  _SCIC_TX_ISR                          
0     00082384  _SCID_RX_ISR                          
0     0008238e  _SCID_TX_ISR                          
0     00082398  _SCIA_RX_ISR                          
0     000823a2  _SCIA_TX_ISR                          
0     000823ac  _SCIB_RX_ISR                          
0     000823b6  _SCIB_TX_ISR                          
0     000823c0  _CANA0_ISR                            
0     000823ca  _CANA1_ISR                            
0     000823d4  _CANB0_ISR                            
0     000823de  _CANB1_ISR                            
0     000823e8  _ADCA_EVT_ISR                         
0     000823f2  _ADCA2_ISR                            
0     000823fc  _ADCA3_ISR                            
0     00082406  _ADCA4_ISR                            
0     00082410  _ADCB_EVT_ISR                         
0     0008241a  _ADCB2_ISR                            
0     00082424  _ADCB3_ISR                            
0     0008242e  _ADCB4_ISR                            
0     00082438  _CLA1_1_ISR                           
0     00082442  _CLA1_2_ISR                           
0     0008244c  _CLA1_3_ISR                           
0     00082456  _CLA1_4_ISR                           
0     00082460  _CLA1_5_ISR                           
0     0008246a  _CLA1_6_ISR                           
0     00082474  _CLA1_7_ISR                           
0     0008247e  _CLA1_8_ISR                           
0     00082488  _XINT3_ISR                            
0     00082492  _XINT4_ISR                            
0     0008249c  _XINT5_ISR                            
0     000824a6  _VCU_ISR                              
0     000824b0  _FPU_OVERFLOW_ISR                     
0     000824ba  _FPU_UNDERFLOW_ISR                    
0     000824c4  _IPC0_ISR                             
0     000824ce  _IPC1_ISR                             
0     000824d8  _IPC2_ISR                             
0     000824e2  _IPC3_ISR                             
0     000824ec  _EPWM9_TZ_ISR                         
0     000824f6  _EPWM10_TZ_ISR                        
0     00082500  _EPWM11_TZ_ISR                        
0     0008250a  _EPWM12_TZ_ISR                        
0     00082514  _EPWM9_ISR                            
0     0008251e  _EPWM10_ISR                           
0     00082528  _EPWM11_ISR                           
0     00082532  _EPWM12_ISR                           
0     0008253c  _SD1_ISR                              
0     00082546  _SD2_ISR                              
0     00082550  _SPIC_RX_ISR                          
0     0008255a  _SPIC_TX_ISR                          
0     00082564  _UPPA_ISR                             
0     0008256e  _USBA_ISR                             
0     00082578  _ADCC_EVT_ISR                         
0     00082582  _ADCC2_ISR                            
0     0008258c  _ADCC3_ISR                            
0     00082596  _ADCC4_ISR                            
0     000825a0  _ADCD_EVT_ISR                         
0     000825aa  _ADCD2_ISR                            
0     000825b4  _ADCD3_ISR                            
0     000825be  _ADCD4_ISR                            
0     000825c8  _EMIF_ERROR_ISR                       
0     000825d2  _RAM_CORRECTABLE_ERROR_ISR            
0     000825dc  _FLASH_CORRECTABLE_ERROR_ISR          
0     000825e6  _RAM_ACCESS_VIOLATION_ISR             
0     000825f0  _SYS_PLL_SLIP_ISR                     
0     000825fa  _AUX_PLL_SLIP_ISR                     
0     00082604  _CLA_OVERFLOW_ISR                     
0     0008260e  _CLA_UNDERFLOW_ISR                    
0     00082618  _PIE_RESERVED_ISR                     
0     00082622  _EMPTY_ISR                            
0     0008262f  _NOTUSED_ISR                          
0     00082639  _InitSysCtrl                          
0     0008266a  _InitPeripheralClocks                 
0     000826ee  _DisablePeripheralClocks              
0     00082706  _SeizeFlashPump                       
0     00082715  _ReleaseFlashPump                     
0     0008271f  _ServiceDog                           
0     0008272d  _DisableDog                           
0     0008273b  _InitSysPll                           
0     00082801  _InitAuxPll                           
0     000828c9  _CsmUnlock                            
0     000828ea  _SysIntOsc1Sel                        
0     000828f4  _SysIntOsc2Sel                        
0     000828fe  _SysXtalOscSel                        
0     0008290a  _AuxIntOsc2Sel                        
0     00082914  _AuxXtalOscSel                        
0     00082920  _AuxAuxClkSel                         
0     0008292a  _IDLE                                 
0     00082933  _STANDBY                              
0     0008293e  _HALT                                 
0     00082957  _HIB                                  
0     00082974  _InitGpio                             
0     000829b4  _GPIO_SetupPinMux                     
0     00082a40  _GPIO_SetupPinOptions                 
0     00082ad4  _GPIO_SetupLock                       
0     00082afd  _GPIO_SetupXINT1Gpio                  
0     00082b07  _GPIO_SetupXINT2Gpio                  
0     00082b11  _GPIO_SetupXINT3Gpio                  
0     00082b1b  _GPIO_SetupXINT4Gpio                  
0     00082b25  _GPIO_SetupXINT5Gpio                  
0     00082b2f  _GPIO_EnableUnbondedIOPullupsFor176Pin
0     00082b48  _GPIO_EnableUnbondedIOPullupsFor100Pin
0     00082b6d  _GPIO_EnableUnbondedIOPullups         
0     00082b83  _GPIO_ReadPin                         
0     00082b9a  _GPIO_WritePin                        
0     00082bb8  _Setup_ePWM                           
0     00082c4e  _Setup_GPIO                           
0     00082c88  _main                                 
0     00082cbf  FS$$DIV                               
0     00082d47  _InitCpuTimers                        
0     00082d88  _ConfigCpuTimer                       
0     00082dc3  _c_int00                              
0     00082e19  C$$EXIT                               
0     00082e19  _abort                                
0     00082e1b  _exit                                 
0     00082e42  _InitPieCtrl                          
0     00082e61  _EnableInterrupts                     
0     00082e6a  _InitPieVectTable                     
0     00082e90  _copy_in                              
0     00082eb4  _memcpy                               
0     00082ed1  LL$$AND                               
0     00082ed9  LL$$OR                                
0     00082ee1  LL$$XOR                               
0     00082ee9  __args_main                           
0     00082efb  __register_unlock                     
0     00082eff  __register_lock                       
0     00082f03  __nop                                 
0     00082f04  _SetDBGIER                            
0     00082f07  __system_pre_init                     
0     00082f09  __system_post_cinit                   
0     00086000  _RamfuncsLoadStart                    
0     00086004  _RamfuncsLoadEnd                      
0     00090000  _PieVectTableInit                     
1     00000002  _Cla1Regs                             
1     00000040  _DmaRegs                              
1     00000120  _FlashPumpSemaphoreRegs               
1     00000400  __stack                               
1     00000600  _PieVectTable                         
1     00000600  __STACK_END                           
1     000007c0  _AccessProtectionRegs                 
1     0000a800  _TRIP_SEL                             
1     0000a81e  _EPWM                                 
1     0000a838  _EQEP                                 
1     0000a840  _CpuTimer0                            
1     0000a848  _CpuTimer1                            
1     0000a850  _CpuTimer2                            
1     0000a858  _ECAP                                 
1     0000a866  _ADC                                  
1     0000a870  _SPI                                  
1     0000a878  _tempSensor_tempSlope                 
1     0000a87a  _tempSensor_tempOffset                
1     0000a87c  _tempSensor_scaleFactor               
1     0000a87e  __lock                                
1     0000a880  _SDFM                                 
1     0000a886  ___TI_enable_exit_profile_output      
1     0000a888  ___TI_cleanup_ptr                     
1     0000a88a  ___TI_dtors_ptr                       
1     0000a88c  _I2C                                  
1     0000a890  _MCBSP                                
1     0000a894  _SCI                                  
1     0000a898  __unlock                              
1     0000a89a  _count                                
1     0000a89c  _deviceOpen                           
1     0000a89d  _EmuBMode                             
1     0000a89e  _EQep1Regs                            
1     0000a8c0  _Flash0CtrlRegs                       
1     0000aa42  _ClkCfgRegs                           
1     0000aa74  _XintRegs                             
1     0000aa7f  _EmuKey                               
1     0000aa80  _GpioCtrlRegs                         
1     0000ac00  _CanaRegs                             
1     0000ad64  _DmaClaSrcSelRegs                     
1     0000ad7e  _RomPrefetchRegs                      
1     0000ad80  _CanbRegs                             
1     0000aee4  _PieCtrlRegs                          
1     0000aefe  _RomWaitStateRegs                     
1     0000af00  _EPwm10Regs                           
1     0000b800  _DevCfgRegs                           
1     0000b92e  _SciaRegs                             
1     0000b940  _EPwm11Regs                           
1     0000ba40  _EPwm12Regs                           
1     0000bb40  _EPwm1Regs                            
1     0000bc40  _EPwm2Regs                            
1     0000bd40  _EPwm3Regs                            
1     0000be40  _EPwm4Regs                            
1     0000bf40  _CpuSysRegs                           
1     0000bfc2  _GpioDataRegs                         
1     0000bff2  _CpuTimer0Regs                        
1     0000bffa  _SyncSocRegs                          
1     0000c000  _EPwm5Regs                            
1     0000c100  _EPwm6Regs                            
1     0000c200  _EPwm7Regs                            
1     0000c300  _EPwm8Regs                            
1     0000c400  _EPwm9Regs                            
1     0000c500  _AdcaRegs                             
1     0000c580  _AdcbRegs                             
1     0000c600  _AdccRegs                             
1     0000c680  _AdcdRegs                             
1     0000c700  _MemCfgRegs                           
1     0000c780  _Sdfm1Regs                            
1     0000c800  _Sdfm2Regs                            
1     0000c880  _Emif1Regs                            
1     0000c8f0  _ScibRegs                             
1     0000c900  _Emif2Regs                            
1     0000c970  _ScicRegs                             
1     0000c980  _AnalogSubsysRegs                     
1     0000c9c8  _WdRegs                               
1     0000c9f4  _CpuTimer1Regs                        
1     0000c9fc  _Cla1SoftIntRegs                      
1     0000ca00  _UppRegs                              
1     0000ca48  _Flash0EccRegs                        
1     0000ca70  _ScidRegs                             
1     0000ca80  _EPwmXbarRegs                         
1     0000cac0  _MemoryErrorRegs                      
1     0000cb00  _OutputXbarRegs                       
1     0000cb40  _DcsmZ1Regs                           
1     0000cb64  _AdcaResultRegs                       
1     0000cb80  _DcsmZ2Regs                           
1     0000cba4  _AdcbResultRegs                       
1     0000cbc0  _IpcRegs                              
1     0000cbe4  _AdccResultRegs                       
1     0000cc00  _McbspaRegs                           
1     0000cc24  _AdcdResultRegs                       
1     0000cc40  _McbspbRegs                           
1     0000cc64  _SpiaRegs                             
1     0000cc74  _CpuTimer2Regs                        
1     0000cc80  _EQep2Regs                            
1     0000cca2  _SpibRegs                             
1     0000ccb2  _DacaRegs                             
1     0000ccc0  _EQep3Regs                            
1     0000cce2  _SpicRegs                             
1     0000ccf2  _DacbRegs                             
1     0000cd00  _I2caRegs                             
1     0000cd22  _DaccRegs                             
1     0000cd2a  _DcsmCommonRegs                       
1     0000cd32  _NmiIntruptRegs                       
1     0000cd40  _I2cbRegs                             
1     0000cd80  _Cmpss1Regs                           
1     0000cda0  _Cmpss2Regs                           
1     0000cdc0  _Cmpss3Regs                           
1     0000cde0  _Cmpss4Regs                           
1     0000ce00  _Cmpss5Regs                           
1     0000ce20  _Cmpss6Regs                           
1     0000ce40  _Cmpss7Regs                           
1     0000ce60  _Cmpss8Regs                           
1     0000ce80  _DcsmZ1Otp                            
1     0000cea0  _DcsmZ2Otp                            
1     0000cec0  _ECap1Regs                            
1     0000cee0  _ECap2Regs                            
1     0000cf00  _ECap3Regs                            
1     0000cf20  _ECap4Regs                            
1     0000cf40  _ECap5Regs                            
1     0000cf60  _ECap6Regs                            
1     0000cf80  _Emif1ConfigRegs                      
1     0000cfa0  _Emif2ConfigRegs                      
1     0000cfc0  _InputXbarRegs                        
1     0000cfe0  _XbarRegs                             
1     0003fc00  _g_asIPCCPU1toCPU2Buffers             
1     0003fc80  _g_usPutWriteIndexes                  
1     0003fc84  _g_usGetReadIndexes                   
abs   00000004  _RamfuncsLoadSize                     
abs   00000004  _RamfuncsRunSize                      
abs   00000200  __STACK_SIZE                          
abs   ffffffff  .text                                 
abs   ffffffff  ___TI_pprof_out_hndl                  
abs   ffffffff  ___TI_prof_data_size                  
abs   ffffffff  ___TI_prof_data_start                 
abs   ffffffff  ___binit__                            
abs   ffffffff  ___c_args__                           
abs   ffffffff  ___etext__                            
abs   ffffffff  ___pinit__                            
abs   ffffffff  ___text__                             
abs   ffffffff  binit                                 
abs   ffffffff  etext                                 
abs   ffffffff  pinit                                 

[356 symbols]
